
[1m[46m RUN [49m[22m [36mv4.0.18 [39m[90mD:/Junkio-Expense-Tracker/frontend[39m

[90mstdout[2m | src/components/features/transactions/TransactionForm.test.jsx[2m > [22m[2mTransactionForm Transfer Feature[2m > [22m[2mshould switch to Transfer mode and show correct fields
[22m[39mTransactionForm Render: type = EXPENSE

[90mstdout[2m | src/components/features/transactions/TransactionForm.test.jsx[2m > [22m[2mTransactionForm Transfer Feature[2m > [22m[2mshould dispatch correct actions on valid Transfer
[22m[39mTransactionForm Render: type = EXPENSE

 [31mΓ¥»[39m src/components/features/transactions/TransactionForm.test.jsx [2m([22m[2m2 tests[22m[2m | [22m[31m2 failed[39m[2m)[22m[32m 171[2mms[22m[39m
[31m     [31m├ù[31m should switch to Transfer mode and show correct fields[39m[32m 130[2mms[22m[39m
[31m     [31m├ù[31m should dispatch correct actions on valid Transfer[39m[32m 37[2mms[22m[39m
node.exe : 
At line:1 char:1
+ & "C:\Program 
Files\nodejs/node.exe" 
"C:\Program 
Files\nodejs/node_mo ...
+ ~~~~~~~~~~~~~~~~~~~~~~~~~~~~~~
~~~~~~~~~~~~~~~~~~~~~~~~~~~~~~~~
~~~~~~~
    + CategoryInfo          : N 
   otSpecified: (:String) [],   
  RemoteException
    + FullyQualifiedErrorId : N 
   ativeCommandError
 
[31mΓÄ»ΓÄ»ΓÄ»ΓÄ»ΓÄ»ΓÄ»ΓÄ»[39m
[1m[41m Failed Tests 2 [49m[2
2m[31mΓÄ»ΓÄ»ΓÄ»ΓÄ»ΓÄ»ΓÄ»ΓÄ»[39
m

[41m[1m FAIL [22m[49m src/co
mponents/features/transactions/T
ransactionForm.test.jsx[2m > 
[22mTransactionForm Transfer 
Feature[2m > [22mshould 
switch to Transfer mode and 
show correct fields
[31m[1mError[22m: Invalid 
Chai property: 
toBeInTheDocument[39m
[36m [2mΓ¥»[22m src/component
s/features/transactions/Transact
ionForm.test.jsx:[2m53:50[22m
[39m
    [90m 51| [39m
    [90m 52| [39m        
[90m// Default: Expense[39m
    [90m 53| [39m        [34m
expect[39m(screen[33m.[39m[3
4mgetByTestId[39m([32m'form-EX
PENSE'[39m))[33m.[39m[34mtoB
eInTheDocument[39m()
    [90m   | [39m             
                                
    [31m^[39m
    [90m 54| [39m
    [90m 55| [39m        
[90m// Switch to Transfer 
using Mock[39m

[31m[2mΓÄ»ΓÄ»ΓÄ»ΓÄ»ΓÄ»ΓÄ»ΓÄ»ΓÄ
»ΓÄ»ΓÄ»ΓÄ»ΓÄ»ΓÄ»ΓÄ»ΓÄ»ΓÄ»ΓÄ»ΓÄ»Γ
Ä»ΓÄ»ΓÄ»ΓÄ»ΓÄ»ΓÄ»[1/2]ΓÄ»[22m[
39m

[41m[1m FAIL [22m[49m src/co
mponents/features/transactions/T
ransactionForm.test.jsx[2m > 
[22mTransactionForm Transfer 
Feature[2m > [22mshould 
dispatch correct actions on 
valid Transfer
[31m[1mTestingLibraryElementEr
ror[22m[39m: Found multiple 
elements with the text: Mock 
Transfer

Here are the matching elements:

Ignored nodes: comments, 
script, style
[36m<button>[39m
  [0mMock Transfer[0m
[36m</button>[39m

Ignored nodes: comments, 
script, style
[36m<button>[39m
  [0mMock Transfer[0m
[36m</button>[39m

(If this is intentional, then 
use the `*AllBy*` variant of 
the query (like 
`queryAllByText`, 
`getAllByText`, or 
`findAllByText`)).

Ignored nodes: comments, 
script, style
[36m<body>[39m
  [36m<div>[39m
    [36m<form[39m
      [33mclass[39m=[32m"spac
e-y-4"[39m
      [33mdata-testid[39m=[32
m"form-EXPENSE"[39m
    [36m>[39m
      [36m<div>[39m
        [36m<div[39m
          [33mclass[39m=[32m"
mock-tabs-controls"[39m
        [36m>[39m
          [36m<button>[39m
            [0mMock Expense[0m
          [36m</button>[39m
          [36m<button>[39m
            [0mMock 
Transfer[0m
          [36m</button>[39m
        [36m</div>[39m
        [36m<div>[39m
          [36m<div>[39m
            [0mChi Ti├¬u[0m
          [36m</div>[39m
          [36m<div>[39m
            [0mThu Nhß║¡p[0m
          [36m</div>[39m
          [36m<div>[39m
            [0mChuyß╗ân 
Khoß║ún[0m
          [36m</div>[39m
        [36m</div>[39m
      [36m</div>[39m
      [36m<div[39m
        [33mclass[39m=[32m"sp
ace-y-4"[39m
      [36m>[39m
        [36m<div>[39m
          [36m<label[39m
            
[33mclass[39m=[32m"text-sm 
font-medium mb-1 block"[39m
          [36m>[39m
            [0mSß╗æ Tiß╗ün[0m
          [36m</label>[39m
          [36m<input[39m
            
[33mclass[39m=[32m"flex h-9 
w-full rounded-md border 
border-input bg-transparent 
px-3 py-1 text-sm shadow-sm 
transition-colors file:border-0 
file:bg-transparent 
file:text-sm file:font-medium 
file:text-foreground placeholder
:text-muted-foreground 
focus-visible:outline-none 
focus-visible:ring-1 
focus-visible:ring-ring 
disabled:cursor-not-allowed 
disabled:opacity-50"[39m
            [33mname[39m=[32m
"amount"[39m
            [33mplaceholder[39
m=[32m"0"[39m
            [33mtype[39m=[32m
"number"[39m
            
[33mvalue[39m=[32m""[39m
          [36m/>[39m
        [36m</div>[39m
        [36m<div>[39m
          [36m<label[39m
            
[33mclass[39m=[32m"text-sm 
font-medium mb-1 block"[39m
          [36m>[39m
            [0mV├¡[0m
          [36m</label>[39m
          [36m<select[39m
            
[33mclass[39m=[32m"w-full 
border rounded-md h-10 px-3 
text-sm bg-background"[39m
            [33mname[39m=[32m
"walletId"[39m
          [36m>[39m
            [36m<option[39m
              
[33mvalue[39m=[32m"w1"[39m
            [36m>[39m
              [0mWallet A[0m
              [0m ([0m
              [0m1.000┬áΓé½[0m
              [0m)[0m
            [36m</option>[39m
            [36m<option[39m
              
[33mvalue[39m=[32m"w2"[39m
            [36m>[39m
              [0mWallet B[0m
              [0m ([0m
              [0m500┬áΓé½[0m
              [0m)[0m
            [36m</option>[39m
          [36m</select>[39m
        [36m</div>[39m
        [36m<div[39m
          
[33mclass[39m=[32m"grid 
grid-cols-1 md:grid-cols-2 
gap-4"[39m
        [36m>[39m
          [36m<div>[39m
            [36m<label[39m
              
[33mclass[39m=[32m"text-sm 
font-medium mb-1 block"[39m
            [36m>[39m
              [0mM├┤ Tß║ú[0m
            [36m</label>[39m
            [36m<input[39m
              
[33mclass[39m=[32m"flex h-9 
w-full rounded-md border 
border-input bg-transparent 
px-3 py-1 text-sm shadow-sm 
transition-colors file:border-0 
file:bg-transparent 
file:text-sm file:font-medium 
file:text-foreground placeholder
:text-muted-foreground 
focus-visible:outline-none 
focus-visible:ring-1 
focus-visible:ring-ring 
disabled:cursor-not-allowed 
disabled:opacity-50"[39m
              [33mname[39m=[3
2m"description"[39m
              
[33mplaceholder[39m=[32m"vd: 
─én tr╞░a"[39m
              
[33mvalue[39m=[32m""[39m
            [36m/>[39m
          [36m</div>[39m
          [36m<div>[39m
            [36m<label[39m
              
[33mclass[39m=[32m"text-sm 
font-medium mb-1 block"[39m
            [36m>[39m
              [0mNg├áy[0m
            [36m</label>[39m
            [36m<input[39m
              
[33mclass[39m=[32m"flex h-9 
w-full rounded-md border 
border-input bg-transparent 
px-3 py-1 text-sm shadow-sm 
transition-colors file:border-0 
file:bg-transparent 
file:text-sm file:font-medium 
file:text-foreground placeholder
:text-muted-foreground 
focus-visible:outline-none 
focus-visible:ring-1 
focus-visible:ring-ring 
disabled:cursor-not-allowed 
disabled:opacity-50"[39m
              
[33mname[39m=[32m"date"[39m
              
[33mtype[39m=[32m"date"[39m
              [33mvalue[39m=[
32m"2026-02-07"[39m
            [36m/>[39m
          [36m</div>[39m
        [36m</div>[39m
        [36m<div>[39m
          [36m<label[39m
            
[33mclass[39m=[32m"text-sm 
font-medium mb-1 block"[39m
          [36m>[39m
            [0mDanh Mß╗Ñc[0m
          [36m</label>[39m
          [36m<select[39m
            
[33mclass[39m=[32m"w-full 
border rounded-md h-10 px-3 
text-sm bg-background 
block"[39m
            [33mname[39m=[32m
"categoryId"[39m
          [36m>[39m
            [36m<option[39m
              [33mvalue[39m=[
32m"general"[39m
            [36m>[39m
              [0mChung[0m
            [36m</option>[39m
            [36m<option[39m
              
[33mvalue[39m=[32m"food"[39m
            [36m>[39m
              [0m─én Uß╗æng[0m
            [36m</option>[39m
            [36m<option[39m
              [33mvalue[39m=[
32m"transport"[39m
            [36m>[39m
              [0mDi 
Chuyß╗ân[0m
            [36m</option>[39m
            [36m<option[39m
              [33mvalue[39m=[
32m"shopping"[39m
            [36m>[39m
              [0mMua Sß║»m[0m
            [36m</option>[39m
            [36m<option[39m
              [33mvalue[39m=[
32m"utilities"[39m
            [36m>[39m
              [0mH├│a ─É╞ín & 
Tiß╗çn ├ìch[0m
            [36m</option>[39m
            [36m<option[39m
              [33mvalue[39m=[
32m"entertainment"[39m
            [36m>[39m
              [0mGiß║úi 
Tr├¡[0m
            [36m</option>[39m
            [36m<option[39m
              [33mvalue[39m=[
32m"health"[39m
            [36m>[39m
              [0mSß╗⌐c 
Khß╗Åe[0m
            [36m</option>[39m
            [36m<option[39m
              [33mvalue[39m=[
32m"income"[39m
            [36m>[39m
              [0mL╞░╞íng / Thu 
Nhß║¡p[0m
            [36m</option>[39m
          [36m</select>[39m
        [36m</div>[39m
      [36m</div>[39m
      [36m<div[39m
        
[33mclass[39m=[32m"pt-4 flex 
justify-end gap-2"[39m
      [36m>[39m
        [36m<button[39m
          [33mclass[39m=[32m"
inline-flex items-center 
justify-center gap-2 
whitespace-nowrap rounded-md 
text-sm font-medium 
transition-colors 
focus-visible:outline-none 
focus-visible:ring-1 
focus-visible:ring-ring 
disabled:pointer-events-none 
disabled:opacity-50 
[&_svg]:pointer-events-none 
[&_svg]:size-4 [&_svg]:shrink-0 
text-primary-foreground shadow 
h-9 px-4 py-2 w-full 
bg-blue-600 
hover:bg-blue-700"[39m
          [33mtype[39m=[32m"s
ubmit"[39m
        [36m>[39m
          [0mTh├¬m Giao 
Dß╗ïch[0m
        [36m</button>[39m
      [36m</div>[39m
    [36m</form>[39m
  [36m</div>[39m
  [36m<div>[39m
    [36m<form[39m
      [33mclass[39m=[32m"spac
e-y-4"[39m
      [33mdata-testid[39m=[32
m"form-EXPENSE"[39m
    [36m>[39m
      [36m<div>[39m
        [36m<div[39m
          [33mclass[39m=[32m"
mock-tabs-controls"[39m
        [36m>[39m
          [36m<button>[39m
            [0mMock Expense[0m
          [36m</button>[39m
          [36m<button>[39m
            [0mMock 
Transfer[0m
          [36m</button>[39m
        [36m</div>[39m
        [36m<div>[39m
          [36m<div>[39m
            [0mChi Ti├¬u[0m
          [36m</div>[39m
          [36m<div>[39m
            [0mThu Nhß║¡p[0m
          [36m</div>[39m
          [36m<div>[39m
            [0mChuyß╗ân 
Khoß║ún[0m
          [36m</div>[39m
        [36m</div>[39m
      [36m</div>[39m
      [36m<div[39m
        [33mclass[39m=[32m"sp
ace-y-4"[39m
      [36m>[39m
        [36m<div>[39m
          [36m<label[39m
            
[33mclass[39m=[32m"text-sm 
font-medium mb-1 block"[39m
          [36m>[39m
            [0mSß╗æ Tiß╗ün[0m
          [36m</label>[39m

[2m Test Files [22m [1m[31m1 failed[39m[22m[90m (1)[39m
[2m      Tests [22m [1m[31m2 failed[39m[22m[90m (2)[39m
[2m   Start at [22m 15:13:23
[2m   Duration [22m 2.49s[2m (transform 153ms, setup 0ms, import 605ms, tests 171ms, environment 1.47s)[22m

          [36m<input[39m
            
[33mclass[39m=[32m"flex h-9 
w-full rounded-md border 
border-input bg-transparent 
px-3 py-1 text-sm shadow-sm 
transition-colors file:border-0 
file:bg-transparent 
file:text-sm file:font-medium 
file:text-foreground placeholder
:text-muted-foreground 
focus-visible:outline-none 
focus-visible:ring-1 
focus-visible:ring-ring 
disabled:cursor-not-allowed 
disabled:opacity-50"[39m
            [33mname[39m=[32m
"amount"[39m
            [33mplaceholder[39
m=[32m"0"[39m
            [33mtype[39m=[32m
"number"[39m
            
[33mvalue[39m=[32m""[39m
          [36m/>[39m
        [36m</div>[39m
        [36m<div>[39m
          [36m<label[39m
            
[33mclass[39m=[32m"text-sm 
font-medium mb-1 block"[39m
          [36m>[39m
            [0mV├¡[0m
          [36m</label>[39m
          [36m<select[39m
            
[33mclass[39m=[32m"w-full 
border rounded-md h-10 px-3 
text-sm bg-background"[39m
            [33mname[39m=[32m
"walletId"[39m
          [36m>[39m
            [36m<option[39m
              
[33mvalue[39m=[32m"w1"[39m
            [36m>[39m
              [0mWallet A[0m
              [0m ([0m
              [0m1.000┬áΓé½[0m
              [0m)[0m
            [36m</option>[39m
            [36m<option[39m
              
[33mvalue[39m=[32m"w2"[39m
            [36m>[39m
              [0mWallet B[0m
              [0m ([0m
              [0m500┬áΓé½[0m
              [0m)[0m
            [36m</option>[39m
          [36m</select>[39m
        [36m</div>[39m
        [36m<div[39m
          
[33mclass[39m=[32m"grid 
grid-cols-1 md:grid-cols-2 
gap-4"[39m
        [36m>[39m
          [36m<div>[39m
            [36m<label[39m
              
[33mclass[39m=[32m"text-sm 
font-medium mb-1 block"[39m
            [36m>[39m
              [0mM├┤ Tß║ú[0m
            [36m</label>[39m
            [36m<input[39m
              
[33mclass[39m=[32m"flex h-9 
w-full rounded-md border 
border-input bg-transparent 
px-3 py-1 text-sm shadow-sm 
transition-colors file:border-0 
file:bg-transparent 
file:text-sm file:font-medium 
file:text-foreground placeholder
:text-muted-foreground 
focus-visible:outline-none 
focus-visible:ring-1 
focus-visible:ring-ring 
disabled:cursor-not-allowed 
disabled:opacity-50"[39m
              [33mname[39m=[3
2m"description"[39m
              
[33mplaceholder[39m=[32m"vd: 
─én tr╞░a"[39m
              
[33mvalue[39m=[32m""[39m
            [36m/>[39m
          [36m</div>[39m
          [36m<div>[39m
            [36m<label[39m
              
[33mclass[39m=[32m"text-sm 
font-medium mb-1 block"[39m
            [36m>[39m
              [0mNg├áy[0m
            [36m</label>[39m
            [36m<input[39m
              
[33mclass[39m=[32m"flex h-9 
w-full rounded-md border 
border-input bg-transparent 
px-3 py-1 text-sm shadow-sm 
transition-colors file:border-0 
file:bg-transparent 
file:text-sm file:font-medium 
file:text-foreground placeholder
:text-muted-foreground 
focus-visible:outline-none 
focus-visible:ring-1 
focus-visible:ring-ring 
disabled:cursor-not-allowed 
disabled:opacity-50"[39m
              
[33mname[39m=[32m"date"[39m
              
[33mtype[39m=[32m"date"[39m
              [33mvalue[39m=[
32m"2026-02-07"[39m
            [36m/>[39m
          [36m</div>[39m
        [36m</div>[39m
        [36m<div>[39m
          [36m<label[39m
            
[33mclass[39m=[32m"text-sm 
font-medium mb-1 block"[39m
          [36m>[39m
            [0mDanh Mß╗Ñc[0m
          [36m</label>[39m
          [36m<select[39m
            
[33mclass[39m=[32m"w-full 
border rounded-md h-10 px-3 
text-sm bg-background 
block"[39m
            [33mname[39m=[32m
"categoryId"[39m
          [36m>[39m
            [36m<option[39m
              [33mvalue[39m=[
32m"general"[39m
            [36m>[39m
              [0mChung[0m
            [36m</option>[39m
            [36m<option[39m
              
[33mvalue[39m=[32m"food"[39m
            [36m>[39m
              [0m─én Uß╗æng[0m
            [36m</option>[39m
            [36m<option[39m
              [33mvalue[39m=[
32m"transport"[39m
            [36m>[39m
              [0mDi 
Chuyß╗ân[0m
            [36m</option>[39m
            [36m<option[39m
              [33mvalue[39m=[
32m"shopping"[39m
            [36m>[39m
              [0mMua Sß║»m[0m
            [36m</option>[39m
            [36m<option[39m
              [33mvalue[39m=[
32m"utilities"[39m
            [36m>[39m
              [0mH├│a ─É╞ín & 
Tiß╗çn ├ìch[0m
            [36m</option>[39m
            [36m<option[39m
              [33mvalue[39m=[
32m"entertainment"[39m
            [36m>[39m
              [0mGiß║úi 
Tr├¡[0m
            [36m</option>[39m
            [36m<option[39m
              [33mvalue[39m=[
32m"health"[39m
            [36m>[39m
              [0mSß╗⌐c 
Khß╗Åe[0m
            [36m</option>[39m
            [36m<option[39m
              [33mvalue[39m=[
32m"income"[39m
            [36m>[39m
              [0mL╞░╞íng / Thu 
Nhß║¡p[0m
            [36m</option>[39m
          [36m</select>[39m
        [36m</div>[39m
      [36m</div>[39m
      [36m<div[39m
        
[33mclass[39m=[32m"pt-4 flex 
justify-end gap-2"[39m
      [36m>[39m
        [36m<button[39m
          [33mclass[39m=[32m"
inline-flex items-center 
justify-center gap-2 
whitespace-nowrap rounded-md 
text-sm font-medium 
transition-colors 
focus-visible:outline-none 
focus-visible:ring-1 
focus-visible:ring-ring 
disabled:pointer-events-none 
disabled:opacity-50 
[&_svg]:pointer-events-none 
[&_svg]:size-4 [&_svg]:shrink-0 
text-primary-foreground shadow 
h-9 px-4 py-2 w-full 
bg-blue-600 
hover:bg-blue-700"[39m
          [33mtype[39m=[32m"s
ubmit"[39m
        [36m>[39m
          [0mTh├¬m Giao 
Dß╗ïch[0m
        [36m</button>[39m
      [36m</div>[39m
    [36m</form>[39m
  [36m</div>[39m
[36m</body>[39m
[90m [2mΓ¥»[22m 
Object.getElementError node_modu
les/@testing-library/dom/dist/co
nfig.js:[2m37:19[22m[39m
[90m [2mΓ¥»[22m 
getElementError node_modules/@te
sting-library/dom/dist/query-hel
pers.js:[2m20:35[22m[39m
[90m [2mΓ¥»[22m 
getMultipleElementsFoundError no
de_modules/@testing-library/dom/
dist/query-helpers.js:[2m23:10
[22m[39m
[90m [2mΓ¥»[22m node_modules/
@testing-library/dom/dist/query-
helpers.js:[2m55:13[22m[39m
[90m [2mΓ¥»[22m node_modules/
@testing-library/dom/dist/query-
helpers.js:[2m95:19[22m[39m
[36m [2mΓ¥»[22m src/component
s/features/transactions/Transact
ionForm.test.jsx:[2m82:32[22m
[39m
    [90m 80| [39m
    [90m 81| [39m        
[90m// Switch to Transfer[39m
    [90m 82| [39m        fireE
vent[33m.[39m[34mclick[39m(s
creen[33m.[39m[34mgetByText[
39m([32m'Mock Transfer'[39m))
    [90m   | [39m             
                  [31m^[39m
    [90m 83| [39m
    [90m 84| [39m        
[90m// Fill Data[39m

[31m[2mΓÄ»ΓÄ»ΓÄ»ΓÄ»ΓÄ»ΓÄ»ΓÄ»ΓÄ
»ΓÄ»ΓÄ»ΓÄ»ΓÄ»ΓÄ»ΓÄ»ΓÄ»ΓÄ»ΓÄ»ΓÄ»Γ
Ä»ΓÄ»ΓÄ»ΓÄ»ΓÄ»ΓÄ»[2/2]ΓÄ»[22m[
39m

